
cker installation: Install Docker on your local system (Windows, macOS, or Linux). Verify the installation by running the docker --version and docker info commands.

root@DESKTOP-DA2RDP0:~# docker --version
Docker version 24.0.7, build afdd53b
root@DESKTOP-DA2RDP0:~#

root@DESKTOP-DA2RDP0:~# docker info
Client: Docker Engine - Community
 Version:    24.0.7
 Context:    default
 Debug Mode: false
 Plugins:
  buildx: Docker Buildx (Docker Inc.)
    Version:  v0.11.2
    Path:     /usr/libexec/docker/cli-plugins/docker-buildx
  compose: Docker Compose (Docker Inc.)
    Version:  v2.21.0
    Path:     /usr/libexec/docker/cli-plugins/docker-compose

Server:
 Containers: 0
  Running: 0
  Paused: 0
  Stopped: 0
 Images: 0
 Server Version: 24.0.7
 Storage Driver: overlay2
  Backing Filesystem: extfs
  Supports d_type: true
  Using metacopy: false
  Native Overlay Diff: true
  userxattr: false
 Logging Driver: json-file
 Cgroup Driver: cgroupfs
 Cgroup Version: 1
 Plugins:
  Volume: local
  Network: bridge host ipvlan macvlan null overlay
  Log: awslogs fluentd gcplogs gelf journald json-file local logentries splunk syslog
 Swarm: inactive
 Runtimes: io.containerd.runc.v2 runc
 Default Runtime: runc
 Init Binary: docker-init
 containerd version: 3dd1e886e55dd695541fdcd67420c2888645a495
 runc version: v1.1.10-0-g18a0cb0
 init version: de40ad0
 Security Options:
  seccomp
   Profile: builtin
 Kernel Version: 5.10.16.3-microsoft-standard-WSL2
 Operating System: Ubuntu 22.04.3 LTS
 OSType: linux
 Architecture: x86_64
 CPUs: 2
 Total Memory: 5.761GiB
 Name: DESKTOP-DA2RDP0
 ID: 186cbbfb-fca9-4890-9704-f04b26dd18ee
 Docker Root Dir: /var/lib/docker
 Debug Mode: false
 Experimental: false
 Insecure Registries:
  127.0.0.0/8
 Live Restore Enabled: false

WARNING: No blkio throttle.read_bps_device support
WARNING: No blkio throttle.write_bps_device support
WARNING: No blkio throttle.read_iops_device support
WARNING: No blkio throttle.write_iops_device support
root@DESKTOP-DA2RDP0:~#






2. Working with Docker images: Search for the official Ubuntu image on Docker Hub, pull it to your local system using docker pull, and list all available images on your system using docker images.

root@DESKTOP-DA2RDP0:~# docker search ubuntu
NAME                             DESCRIPTION                                     STARS     OFFICIAL   AUTOMATED
ubuntu                           Ubuntu is a Debian-based Linux operating sys…   16754     [OK]
websphere-liberty                WebSphere Liberty multi-architecture images …   296       [OK]
open-liberty                     Open Liberty multi-architecture images based…   62        [OK]
neurodebian                      NeuroDebian provides neuroscience research s…   105       [OK]
ubuntu-debootstrap               DEPRECATED; use "ubuntu" instead                52        [OK]
ubuntu-upstart                   DEPRECATED, as is Upstart (find other proces…   115       [OK]
ubuntu/nginx                     Nginx, a high-performance reverse proxy & we…   104
ubuntu/squid                     Squid is a caching proxy for the Web. Long-t…   74
ubuntu/cortex                    Cortex provides storage for Prometheus. Long…   4
ubuntu/prometheus                Prometheus is a systems and service monitori…   53
ubuntu/apache2                   Apache, a secure & extensible open-source HT…   70
ubuntu/kafka                     Apache Kafka, a distributed event streaming …   37
ubuntu/bind9                     BIND 9 is a very flexible, full-featured DNS…   66
ubuntu/mysql                     MySQL open source fast, stable, multi-thread…   56
ubuntu/zookeeper                 ZooKeeper maintains configuration informatio…   12
ubuntu/postgres                  PostgreSQL is an open source object-relation…   32
ubuntu/redis                     Redis, an open source key-value store. Long-…   21
ubuntu/jre                       Distroless Java runtime based on Ubuntu. Lon…   12
ubuntu/dotnet-aspnet             Chiselled Ubuntu runtime image for ASP.NET a…   15
ubuntu/grafana                   Grafana, a feature rich metrics dashboard & …   9
ubuntu/memcached                 Memcached, in-memory keyvalue store for smal…   5
ubuntu/dotnet-deps               Chiselled Ubuntu for self-contained .NET & A…   11
ubuntu/prometheus-alertmanager   Alertmanager handles client alerts from Prom…   9
ubuntu/dotnet-runtime            Chiselled Ubuntu runtime image for .NET apps…   13
ubuntu/cassandra                 Cassandra, an open source NoSQL distributed …   2
root@DESKTOP-DA2RDP0:~# docker pull ubuntu
Using default tag: latest
latest: Pulling from library/ubuntu
^C
root@DESKTOP-DA2RDP0:~# docker pull ubuntu
Using default tag: latest
latest: Pulling from library/ubuntu
a48641193673: Pull complete
Digest: sha256:6042500cf4b44023ea1894effe7890666b0c5c7871ed83a97c36c76ae560bb9b
Status: Downloaded newer image for ubuntu:latest
docker.io/library/ubuntu:latest
root@DESKTOP-DA2RDP0:~#
root@DESKTOP-DA2RDP0:~# docker images
REPOSITORY   TAG       IMAGE ID       CREATED       SIZE
ubuntu       latest    174c8c134b2a   3 weeks ago   77.9MB
root@DESKTOP-DA2RDP0:~#
root@DESKTOP-DA2RDP0:~#









3. Creating a Docker container: Run a Docker container using the Ubuntu image, and execute a command inside the container (e.g., echo "Hello, Docker!").

root@DESKTOP-DA2RDP0:~# docker run ubuntu bash -c "echo Hello, Docker!"
Hello, Docker!
                --------
root@DESKTOP-DA2RDP0:~# docker run -it ubuntu
root@d7ac62b427b2:/# echo "Hello, Docker!"
Hello, Docker!
root@d7ac62b427b2:/#


4. Inspect the Ubuntu Docker container to ensure it is in the "created" state only.

root@DESKTOP-DA2RDP0:~# docker container create httpd
Unable to find image 'httpd:latest' locally
latest: Pulling from library/httpd
af107e978371: Pull complete
eba4da411ea0: Pull complete
4f4fb700ef54: Pull complete
ed4d6291a6c2: Pull complete
b42c390e1de9: Pull complete
eafe388a0bb8: Pull complete
Digest: sha256:f0a93744d8006e6f7ee5086c9ddccdcfa33d1091f15269a00547b4c382459c1f
Status: Downloaded newer image for httpd:latest
9bb0d7164a426edc448cf7a5ae321ac315bd931bd4125d385100b8f84746ed59

root@DESKTOP-DA2RDP0:~# docker ps -a
CONTAINER ID   IMAGE     COMMAND                  CREATED          STATUS                      PORTS     NAMES
9bb0d7164a42   httpd     "httpd-foreground"       39 seconds ago   Created                               musing_panini
ddcab1735788   ubuntu    "httpd"                  3 minutes ago    Created                               thirsty_booth
9dd13bf6bb02   ubuntu    "Harsh"                  12 minutes ago   Created                               gracious_kirch
ba9584f5218c   ubuntu    "/bin/bash"              15 minutes ago   Exited (0) 14 minutes ago             admiring_kare
d7ac62b427b2   ubuntu    "/bin/bash"              21 minutes ago   Exited (0) 18 minutes ago             sweet_jackson
b5f46a196a90   ubuntu    "bash -c 'echo Hello…"   42 minutes ago   Exited (0) 42 minutes ago             compassionate_wu
root@DESKTOP-DA2RDP0:~# docker inspect musing_panini
[
    {
        "Id": "9bb0d7164a426edc448cf7a5ae321ac315bd931bd4125d385100b8f84746ed59",
        "Created": "2024-01-09T10:17:06.732287202Z",
        "Path": "httpd-foreground",
        "Args": [],
        "State": {
            "Status": "created",
            "Running": false,

5. Execute the Ubuntu Docker container and confirm that the container's state is "running."

root@DESKTOP-DA2RDP0:~# docker status musing_panini
docker: 'status' is not a docker command.
See 'docker --help'
root@DESKTOP-DA2RDP0:~#
root@DESKTOP-DA2RDP0:~# docker container start musing_panini
musing_panini
root@DESKTOP-DA2RDP0:~#
root@DESKTOP-DA2RDP0:~# docker inspect musing_panini
[
    {
        "Id": "9bb0d7164a426edc448cf7a5ae321ac315bd931bd4125d385100b8f84746ed59",
        "Created": "2024-01-09T10:17:06.732287202Z",
        "Path": "httpd-foreground",
        "Args": [],
        "State": {
            "Status": "running",
            "Running": true,
            "Paused": false,
            "Restarting": false,
            "OOMKilled": false,
            "Dead": false,

6. Launch an HTTP container, verify its state, and then remove the container and image from your local system.

root@DESKTOP-DA2RDP0:~#  docker container create httpd
3314906d3907d5077f8f3e64e29147f003423bc88ae42d12b5d10670ccd3b9e9
root@DESKTOP-DA2RDP0:~#
root@DESKTOP-DA2RDP0:~# docker container create -it httpd
33d8df95cccd7ef43945e1c609489f9b7325064548ceb3d913e08b4b2b80f523
root@DESKTOP-DA2RDP0:~#
root@DESKTOP-DA2RDP0:~# docker container ls -a
CONTAINER ID   IMAGE     COMMAND                  CREATED              STATUS                      PORTS     NAMES
33d8df95cccd   httpd     "httpd-foreground"       34 seconds ago       Created                               flamboyant_austin
3314906d3907   httpd     "httpd-foreground"       About a minute ago   Created                               amazing_swartz
9bb0d7164a42   httpd     "httpd-foreground"       8 minutes ago        Up 3 minutes                80/tcp    musing_panini
ddcab1735788   ubuntu    "httpd"                  11 minutes ago       Created                               thirsty_booth
9dd13bf6bb02   ubuntu    "Harsh"                  21 minutes ago       Created                               gracious_kirch
ba9584f5218c   ubuntu    "/bin/bash"              23 minutes ago       Exited (0) 23 minutes ago             admiring_kare
359e9e2b9fac   ubuntu    "echo 'Hello, Docker…"   24 minutes ago       Exited (0) 24 minutes ago             my-ubuntu-container
d7ac62b427b2   ubuntu    "/bin/bash"              29 minutes ago       Exited (0) 26 minutes ago             sweet_jackson
b5f46a196a90   ubuntu    "bash -c 'echo Hello…"   50 minutes ago       Exited (0) 50 minutes ago             compassionate_wu
root@DESKTOP-DA2RDP0:~# docker container start flamboyant_austin
flamboyant_austin
root@DESKTOP-DA2RDP0:~#
root@DESKTOP-DA2RDP0:~# docker container ls
CONTAINER ID   IMAGE     COMMAND              CREATED              STATUS          PORTS     NAMES
33d8df95cccd   httpd     "httpd-foreground"   About a minute ago   Up 20 seconds   80/tcp    flamboyant_austin
9bb0d7164a42   httpd     "httpd-foreground"   9 minutes ago        Up 4 minutes    80/tcp    musing_panini
root@DESKTOP-DA2RDP0:~#

root@DESKTOP-DA2RDP0:~# docker inspect 33d8df95cccd
[
    {
        "Id": "33d8df95cccd7ef43945e1c609489f9b7325064548ceb3d913e08b4b2b80f523",
        "Created": "2024-01-09T10:25:28.23406834Z",
        "Path": "httpd-foreground",
        "Args": [],
        "State": {
            "Status": "running",
            "Running": true,

root@DESKTOP-DA2RDP0:~# docker container rm -f 33d8df95cccd
33d8df95cccd
root@DESKTOP-DA2RDP0:~#

root@DESKTOP-DA2RDP0:~# docker container ls
CONTAINER ID   IMAGE     COMMAND              CREATED          STATUS         PORTS     NAMES
9bb0d7164a42   httpd     "httpd-foreground"   12 minutes ago   Up 7 minutes   80/tcp    musing_panini
root@DESKTOP-DA2RDP0:~#

root@DESKTOP-DA2RDP0:~# docker image rm -f 33d8df95cccd
Error response from daemon: No such image: 33d8df95cccd:latest
root@DESKTOP-DA2RDP0:~#




7. Execute a command to display a filtered list of containers, showing only their short container IDs.

root@DESKTOP-DA2RDP0:~# docker ps -q
9bb0d7164a42
root@DESKTOP-DA2RDP0:~#

